<!DOCTYPE html>
<html>
<head lang="en">
    <meta charset="UTF-8">
    <title>Test file</title>

    <!-- Copyright BAM 2013-2016 -->
    <!-- Copyright BAM 2011-2016 -->
    <!-- Copyright BAM 2012-2016 -->

    <!-- @begin:html-block-string-css -->
    <link rel="stylesheet" href="css/combined.css">
    <!-- @end:html-block-string-css -->

    <!-- @begin:html-block-func-css -->
    <link rel="stylesheet" href="dynamic/path-one.css">
    <link rel="stylesheet" href="dynamic/path-two.css">
    <!-- @end:html-block-func-css -->
</head>
<body>

<!-- @begin:lorem-ipsum -->
<!-- @end:lorem-ipsum -->
</body>
</html>
