<!DOCTYPE html>
<html>
<head lang="en">
    <meta charset="UTF-8">
    <title>Test file</title>

    <!-- Copyright BAM 2013-2017 -->
    <!-- Copyright BAM 2011-2017 -->
    <!-- Copyright BAM 2012-2017 -->

    <div><div>some pointless encapsulation</div></div>

    <div><div>some pointless encapsulation</div></div>
</head>
<body>

<div><div>some pointless encapsulation</div></div>
</body>
</html>
